[36mvite v6.3.5 [32mbuilding for production...[36m[39m
transforming...
[32mÔ£ô[39m 1367 modules transformed.
rendering chunks...
computing gzip size...
[2mdist/[22m[32mindex.html                 [39m[1m[2m    0.52 kB[22m[1m[22m[2m Ôöé gzip:   0.33 kB[22m
[2mdist/[22m[32massets/64x64-BYxcVjsh.png  [39m[1m[2m    4.69 kB[22m[1m[22m
[2mdist/[22m[35massets/index-Bz7XQt2Z.css  [39m[1m[2m   42.50 kB[22m[1m[22m[2m Ôöé gzip:   8.50 kB[22m
[2mdist/[22m[36massets/index-je-AnGNk.js   [39m[1m[33m1,486.25 kB[39m[22m[2m Ôöé gzip: 473.21 kB[22m
node : [33m
En línea: 1 Carácter: 66
+ ... ard\frontend" ; node node_modules/vite/bin/vite.js build 2>&1 | Out-F ...
+                     ~~~~~~~~~~~~~~~~~~~~~~~~~~~~~~~~~~~~~~~~~~~~~
    + CategoryInfo          : NotSpecified: ([33m:String) [], RemoteException
    + FullyQualifiedErrorId : NativeCommandError
 
(!) Some chunks are larger than 500 kB after minification. Consider:
- Using dynamic import() to code-split the application
- Use build.rollupOptions.output.manualChunks to improve chunking: 
https://rollupjs.org/configuration-options/#output-manualchunks
- Adjust chunk size limit for this warning via build.chunkSizeWarningLimit.[39m
[32mÔ£ô built in 9.38s[39m
